
Welcome to React Native v0.87
Starting dev server on http://localhost:8081


                        ▒▒▓▓▓▓▒▒
                     ▒▓▓▓▒▒░░▒▒▓▓▓▒
                  ▒▓▓▓▓░░░▒▒▒▒░░░▓▓▓▓▒
                 ▓▓▒▒▒▓▓▓▓▓▓▓▓▓▓▓▓▒▒▒▓▓
                 ▓▓░░░░░▒▓▓▓▓▓▓▒░░░░░▓▓
                 ▓▓░░▓▓▒░░░▒▒░░░▒▓▒░░▓▓
                 ▓▓░░▓▓▓▓▓▒▒▒▒▓▓▓▓▒░░▓▓
                 ▓▓░░▓▓▓▓▓▓▓▓▓▓▓▓▓▒░░▓▓
                 ▓▓▒░░▒▒▓▓▓▓▓▓▓▓▒░░░▒▓▓
                  ▒▓▓▓▒░░░▒▓▓▒░░░▒▓▓▓▒
                     ▒▓▓▓▒░░░░▒▓▓▓▒
                        ▒▒▓▓▓▓▒▒


 WARN  the transform cache was reset.
                Welcome to Metro v0.87.1
              Fast - Scalable - Integrated


 INFO  Dev server ready. Press Ctrl+C to exit.
 INFO  Interactive mode is not supported in this environment
 BUNDLE  ./index.js ░░░░░░░░░░░░░░░░ 0% (0/1)
 BUNDLE  ./index.js ░░░░░░░░░░░░░░░░ 1% (1/1)
 BUNDLE  ./index.js ░░░░░░░░░░░░░░░░ 1% (1/5)
 BUNDLE  ./index.js ░░░░░░░░░░░░░░░░ 4% (2/5)
 BUNDLE  ./index.js ░░░░░░░░░░░░░░░░ 4% (5/122)
 BUNDLE  ./index.js ░░░░░░░░░░░░░░░░ 4% (6/122)
 BUNDLE  ./index.js ▓▓▓░░░░░░░░░░░░░ 22% (122/258)
 BUNDLE  ./index.js ▓▓▓░░░░░░░░░░░░░ 22% (123/258)
 BUNDLE  ./index.js ▓▓▓▓▓▓░░░░░░░░░░ 37% (258/419)
 BUNDLE  ./index.js ▓▓▓▓▓▓░░░░░░░░░░ 38% (259/419)
 WARN  Attempted to import the module "C:\ReactNative\Near\node_modules\react-native\src\private\featureflags\ReactNativeFeatureFlags" which is not listed in the "exports" of "C:\ReactNative\Near\node_modules\react-native" under the requested subpath "./src/private/featureflags/ReactNativeFeatureFlags". Falling back to file-based resolution. Consider updating the call site or asking the package maintainer(s) to expose this API.
 BUNDLE  ./index.js ▓▓▓▓▓▓▓▓▓▓░░░░░░ 65% (419/517)
 BUNDLE  ./index.js ▓▓▓▓▓▓▓▓▓▓░░░░░░ 65% (420/517)
 BUNDLE  ./index.js ▓▓▓▓▓▓▓▓▓▓░░░░░░ 65% (515/664)
 BUNDLE  ./index.js ▓▓▓▓▓▓▓▓▓▓░░░░░░ 65% (516/666)
 BUNDLE  ./index.js ▓▓▓▓▓▓▓▓▓▓░░░░░░ 65% (517/666)
 BUNDLE  ./index.js ▓▓▓▓▓▓▓▓▓▓░░░░░░ 65% (518/666)
 BUNDLE  ./index.js ▓▓▓▓▓▓▓▓▓▓▓▓▓░░░ 82% (664/732)
 BUNDLE  ./index.js ▓▓▓▓▓▓▓▓▓▓▓▓▓░░░ 82% (666/735)
 BUNDLE  ./index.js ▓▓▓▓▓▓▓▓▓▓▓▓▓░░░ 82% (667/735)
 BUNDLE  ./index.js ▓▓▓▓▓▓▓▓▓▓▓▓▓▓░░ 88% (732/776)
 BUNDLE  ./index.js ▓▓▓▓▓▓▓▓▓▓▓▓▓▓░░ 89% (735/777)
 BUNDLE  ./index.js ▓▓▓▓▓▓▓▓▓▓▓▓▓▓░░ 89% (736/777)
 BUNDLE  ./index.js ▓▓▓▓▓▓▓▓▓▓▓▓▓▓▓░ 94% (776/799)
 BUNDLE  ./index.js ▓▓▓▓▓▓▓▓▓▓▓▓▓▓▓░ 94% (777/800)
 BUNDLE  ./index.js ▓▓▓▓▓▓▓▓▓▓▓▓▓▓▓░ 94% (778/800)
 BUNDLE  ./index.js ▓▓▓▓▓▓▓▓▓▓▓▓▓▓▓░ 96% (799/815)
 BUNDLE  ./index.js ▓▓▓▓▓▓▓▓▓▓▓▓▓▓▓░ 96% (800/832)
 BUNDLE  ./index.js ▓▓▓▓▓▓▓▓▓▓▓▓▓▓▓░ 96% (801/832)
 BUNDLE  ./index.js ▓▓▓▓▓▓▓▓▓▓▓▓▓▓▓░ 96% (815/854)
 BUNDLE  ./index.js ▓▓▓▓▓▓▓▓▓▓▓▓▓▓▓░ 96% (832/888)
 BUNDLE  ./index.js ▓▓▓▓▓▓▓▓▓▓▓▓▓▓▓░ 96% (833/888)
 BUNDLE  ./index.js ▓▓▓▓▓▓▓▓▓▓▓▓▓▓▓░ 96% (854/891)
 BUNDLE  ./index.js ▓▓▓▓▓▓▓▓▓▓▓▓▓▓▓░ 96% (887/919)
 BUNDLE  ./index.js ▓▓▓▓▓▓▓▓▓▓▓▓▓▓▓░ 96% (888/919)
 BUNDLE  ./index.js ▓▓▓▓▓▓▓▓▓▓▓▓▓▓▓░ 96% (889/919)
 BUNDLE  ./index.js ▓▓▓▓▓▓▓▓▓▓▓▓▓▓▓░ 96% (891/919)
 BUNDLE  ./index.js ▓▓▓▓▓▓▓▓▓▓▓▓▓▓▓░ 96% (919/943)
 BUNDLE  ./index.js ▓▓▓▓▓▓▓▓▓▓▓▓▓▓▓░ 96% (920/943)
 BUNDLE  ./index.js ▓▓▓▓▓▓▓▓▓▓▓▓▓▓▓░ 99% (943/946)
 BUNDLE  ./index.js ▓▓▓▓▓▓▓▓▓▓▓▓▓▓▓░ 99% (944/946)
 BUNDLE  ./index.js ▓▓▓▓▓▓▓▓▓▓▓▓▓▓▓░ 99% (946/949)
 BUNDLE  ./index.js ▓▓▓▓▓▓▓▓▓▓▓▓▓▓▓░ 99% (947/949)
 BUNDLE  ./index.js ▓▓▓▓▓▓▓▓▓▓▓▓▓▓▓░ 99% (949/949)
 BUNDLE  ./index.js 
